
> cloneinsu@0.1.0 test
> react-scripts test ClaimCard.test.jsx --testPathPattern=ClaimCard --no-coverage

No tests found, exiting with code 0

No tests found, exiting with code 0

No tests found, exiting with code 0

No tests found, exiting with code 0

No tests found, exiting with code 0

No tests found, exiting with code 0

No tests found, exiting with code 0

No tests found, exiting with code 0

No tests found, exiting with code 0

No tests found, exiting with code 0

No tests found, exiting with code 0

No tests found, exiting with code 0

No tests found, exiting with code 0

No tests found, exiting with code 0

No tests found, exiting with code 0

No tests found, exiting with code 0

No tests found, exiting with code 0

No tests found, exiting with code 0

No tests found, exiting with code 0

No tests found, exiting with code 0

No tests found, exiting with code 0

No tests found, exiting with code 0

No tests found, exiting with code 0

No tests found, exiting with code 0

No tests found, exiting with code 0

No tests found, exiting with code 0

No tests found, exiting with code 0

No tests found, exiting with code 0

No tests found, exiting with code 0

No tests found, exiting with code 0

No tests found, exiting with code 0

No tests found, exiting with code 0

No tests found, exiting with code 0

No tests found, exiting with code 0

No tests found, exiting with code 0

No tests found, exiting with code 0

No tests found, exiting with code 0

No tests found, exiting with code 0

No tests found, exiting with code 0

No tests found, exiting with code 0

No tests found, exiting with code 0

No tests found, exiting with code 0

No tests found, exiting with code 0

No tests found, exiting with code 0

No tests found, exiting with code 0

No tests found, exiting with code 0

No tests found, exiting with code 0

No tests found, exiting with code 0

No tests found, exiting with code 0

No tests found, exiting with code 0

No tests found, exiting with code 0

No tests found, exiting with code 0

No tests found, exiting with code 0

No tests found, exiting with code 0

No tests found, exiting with code 0

No tests found, exiting with code 0

No tests found, exiting with code 0

No tests found, exiting with code 0

No tests found, exiting with code 0

No tests found, exiting with code 0

No tests found, exiting with code 0

No tests found, exiting with code 0

No tests found, exiting with code 0

No tests found, exiting with code 0

No tests found, exiting with code 0

No tests found, exiting with code 0

No tests found, exiting with code 0

No tests found, exiting with code 0

No tests found, exiting with code 0

No tests found, exiting with code 0

No tests found, exiting with code 0

No tests found, exiting with code 0

No tests found, exiting with code 0

No tests found, exiting with code 0

No tests found, exiting with code 0

No tests found, exiting with code 0

No tests found, exiting with code 0

No tests found, exiting with code 0

No tests found, exiting with code 0

No tests found, exiting with code 0

No tests found, exiting with code 0

No tests found, exiting with code 0

No tests found, exiting with code 0

No tests found, exiting with code 0

No tests found, exiting with code 0

No tests found, exiting with code 0

No tests found, exiting with code 0

No tests found, exiting with code 0

No tests found, exiting with code 0

No tests found, exiting with code 0

No tests found, exiting with code 0

No tests found, exiting with code 0

No tests found, exiting with code 0

No tests found, exiting with code 0

No tests found, exiting with code 0

No tests found, exiting with code 0

No tests found, exiting with code 0

No tests found, exiting with code 0

No tests found, exiting with code 0

No tests found, exiting with code 0

No tests found, exiting with code 0

No tests found, exiting with code 0

No tests found, exiting with code 0

No tests found, exiting with code 0

No tests found, exiting with code 0

No tests found, exiting with code 0

No tests found, exiting with code 0

No tests found, exiting with code 0

No tests found, exiting with code 0

No tests found, exiting with code 0

No tests found, exiting with code 0

No tests found, exiting with code 0

No tests found, exiting with code 0

No tests found, exiting with code 0

No tests found, exiting with code 0

No tests found, exiting with code 0

No tests found, exiting with code 0

No tests found, exiting with code 0

No tests found, exiting with code 0

No tests found, exiting with code 0

No tests found, exiting with code 0

No tests found, exiting with code 0

No tests found, exiting with code 0

No tests found, exiting with code 0

No tests found, exiting with code 0

No tests found, exiting with code 0

No tests found, exiting with code 0

No tests found, exiting with code 0

No tests found, exiting with code 0

No tests found, exiting with code 0

No tests found, exiting with code 0

No tests found, exiting with code 0

No tests found, exiting with code 0

No tests found, exiting with code 0

No tests found, exiting with code 0

No tests found, exiting with code 0

No tests found, exiting with code 0

No tests found, exiting with code 0

No tests found, exiting with code 0

No tests found, exiting with code 0

No tests found, exiting with code 0

No tests found, exiting with code 0

No tests found, exiting with code 0

No tests found, exiting with code 0

No tests found, exiting with code 0

No tests found, exiting with code 0

No tests found, exiting with code 0

No tests found, exiting with code 0

No tests found, exiting with code 0

No tests found, exiting with code 0

No tests found, exiting with code 0

No tests found, exiting with code 0

No tests found, exiting with code 0

No tests found, exiting with code 0

No tests found, exiting with code 0

No tests found, exiting with code 0

No tests found, exiting with code 0

No tests found, exiting with code 0

No tests found, exiting with code 0

No tests found, exiting with code 0

No tests found, exiting with code 0

No tests found, exiting with code 0

No tests found, exiting with code 0

